\BOOKMARK [1][-]{section*.1}{\376\377\000A\000b\000s\000t\000r\000a\000c\000t}{}% 1
\BOOKMARK [1][-]{section.1}{\376\377\0001\000\040\000I\000n\000t\000r\000o\000d\000u\000c\000t\000i\000o\000n}{}% 2
\BOOKMARK [1][-]{section.2}{\376\377\0002\000\040\000R\000e\000l\000a\000t\000e\000d\000\040\000W\000o\000r\000k}{}% 3
\BOOKMARK [1][-]{section.3}{\376\377\0003\000\040\000M\000e\000t\000h\000o\000d\000o\000l\000o\000g\000y}{}% 4
\BOOKMARK [2][-]{subsection.3.1}{\376\377\0003\000.\0001\000\040\000C\000o\000n\000s\000i\000s\000t\000e\000n\000c\000y\000\040\000M\000e\000a\000s\000u\000r\000e\000m\000e\000n\000t}{section.3}% 5
\BOOKMARK [2][-]{subsection.3.2}{\376\377\0003\000.\0002\000\040\000M\000e\000t\000r\000i\000c\000\040\000V\000a\000l\000i\000d\000a\000t\000i\000o\000n\000:\000\040\000S\000T\000E\000D\000\040\000v\000s\000\040\000L\000L\000M\000-\000a\000s\000-\000J\000u\000d\000g\000e}{section.3}% 6
\BOOKMARK [2][-]{subsection.3.3}{\376\377\0003\000.\0003\000\040\000F\000a\000c\000t\000o\000r\000\040\000C\000a\000t\000e\000g\000o\000r\000i\000e\000s}{section.3}% 7
\BOOKMARK [2][-]{subsection.3.4}{\376\377\0003\000.\0004\000\040\000E\000x\000p\000e\000r\000i\000m\000e\000n\000t\000a\000l\000\040\000S\000e\000t\000u\000p}{section.3}% 8
\BOOKMARK [1][-]{section.4}{\376\377\0004\000\040\000F\000a\000c\000t\000o\000r\000\040\000A\000n\000a\000l\000y\000s\000i\000s\000\040\000R\000e\000s\000u\000l\000t\000s}{}% 9
\BOOKMARK [2][-]{subsection.4.1}{\376\377\0004\000.\0001\000\040\000C\000o\000r\000r\000e\000l\000a\000t\000i\000o\000n\000\040\000A\000n\000a\000l\000y\000s\000i\000s}{section.4}% 10
\BOOKMARK [2][-]{subsection.4.2}{\376\377\0004\000.\0002\000\040\000P\000r\000e\000d\000i\000c\000t\000i\000v\000e\000\040\000M\000o\000d\000e\000l\000\040\000f\000o\000r\000\040\000C\000o\000n\000s\000i\000s\000t\000e\000n\000c\000y}{section.4}% 11
\BOOKMARK [2][-]{subsection.4.3}{\376\377\0004\000.\0003\000\040\000F\000e\000a\000t\000u\000r\000e\000\040\000I\000m\000p\000o\000r\000t\000a\000n\000c\000e\000\040\000A\000n\000a\000l\000y\000s\000i\000s}{section.4}% 12
\BOOKMARK [2][-]{subsection.4.4}{\376\377\0004\000.\0004\000\040\000I\000n\000t\000e\000r\000a\000c\000t\000i\000o\000n\000\040\000E\000f\000f\000e\000c\000t\000s}{section.4}% 13
\BOOKMARK [2][-]{subsection.4.5}{\376\377\0004\000.\0005\000\040\000M\000o\000d\000e\000l\000\040\000F\000a\000m\000i\000l\000y\000\040\000A\000n\000a\000l\000y\000s\000i\000s}{section.4}% 14
\BOOKMARK [2][-]{subsection.4.6}{\376\377\0004\000.\0006\000\040\000T\000e\000m\000p\000e\000r\000a\000t\000u\000r\000e\000\040\000S\000e\000n\000s\000i\000t\000i\000v\000i\000t\000y\000\040\000b\000y\000\040\000M\000o\000d\000e\000l}{section.4}% 15
\BOOKMARK [1][-]{section.5}{\376\377\0005\000\040\000O\000b\000s\000e\000r\000v\000a\000t\000i\000o\000n\000a\000l\000\040\000A\000n\000a\000l\000y\000s\000i\000s\000:\000\040\000F\000e\000a\000t\000u\000r\000e\000\040\000A\000s\000s\000o\000c\000i\000a\000t\000i\000o\000n\000s}{}% 16
\BOOKMARK [2][-]{subsection.5.1}{\376\377\0005\000.\0001\000\040\000F\000e\000a\000t\000u\000r\000e\000\040\000E\000f\000f\000e\000c\000t\000\040\000S\000i\000z\000e\000s}{section.5}% 17
\BOOKMARK [1][-]{section.6}{\376\377\0006\000\040\000C\000r\000o\000s\000s\000-\000M\000o\000d\000e\000l\000\040\000G\000e\000n\000e\000r\000a\000l\000i\000z\000a\000t\000i\000o\000n}{}% 18
\BOOKMARK [2][-]{subsection.6.1}{\376\377\0006\000.\0001\000\040\000L\000O\000M\000O\000\040\000R\000e\000s\000u\000l\000t\000s}{section.6}% 19
\BOOKMARK [1][-]{section.7}{\376\377\0007\000\040\000A\000c\000c\000u\000r\000a\000c\000y\000\040\000P\000r\000e\000s\000e\000r\000v\000a\000t\000i\000o\000n\000\040\000A\000n\000a\000l\000y\000s\000i\000s}{}% 20
\BOOKMARK [2][-]{subsection.7.1}{\376\377\0007\000.\0001\000\040\000V\000a\000l\000i\000d\000i\000t\000y\000-\000C\000o\000n\000s\000i\000s\000t\000e\000n\000c\000y\000\040\000C\000o\000r\000r\000e\000l\000a\000t\000i\000o\000n}{section.7}% 21
\BOOKMARK [1][-]{section.8}{\376\377\0008\000\040\000C\000a\000u\000s\000a\000l\000\040\000V\000a\000l\000i\000d\000a\000t\000i\000o\000n\000:\000\040\000C\000e\000i\000l\000i\000n\000g\000\040\000E\000f\000f\000e\000c\000t\000s}{}% 22
\BOOKMARK [1][-]{section.9}{\376\377\0009\000\040\000P\000r\000a\000c\000t\000i\000t\000i\000o\000n\000e\000r\000\040\000G\000u\000i\000d\000e\000l\000i\000n\000e\000s}{}% 23
\BOOKMARK [2][-]{subsection.9.1}{\376\377\0009\000.\0001\000\040\000S\000c\000h\000e\000m\000a\000\040\000D\000e\000s\000i\000g\000n\000\040\000G\000u\000i\000d\000e\000l\000i\000n\000e\000s}{section.9}% 24
\BOOKMARK [2][-]{subsection.9.2}{\376\377\0009\000.\0002\000\040\000T\000e\000m\000p\000e\000r\000a\000t\000u\000r\000e\000\040\000C\000a\000l\000i\000b\000r\000a\000t\000i\000o\000n}{section.9}% 25
\BOOKMARK [2][-]{subsection.9.3}{\376\377\0009\000.\0003\000\040\000Q\000u\000e\000r\000y\000\040\000D\000e\000s\000i\000g\000n\000\040\000G\000u\000i\000d\000e\000l\000i\000n\000e\000s}{section.9}% 26
\BOOKMARK [2][-]{subsection.9.4}{\376\377\0009\000.\0004\000\040\000M\000o\000d\000e\000l\000\040\000S\000e\000l\000e\000c\000t\000i\000o\000n}{section.9}% 27
\BOOKMARK [1][-]{section.10}{\376\377\0001\0000\000\040\000D\000i\000s\000c\000u\000s\000s\000i\000o\000n}{}% 28
\BOOKMARK [2][-]{subsection.10.1}{\376\377\0001\0000\000.\0001\000\040\000T\000h\000e\000o\000r\000e\000t\000i\000c\000a\000l\000\040\000F\000r\000a\000m\000e\000w\000o\000r\000k}{section.10}% 29
\BOOKMARK [2][-]{subsection.10.2}{\376\377\0001\0000\000.\0002\000\040\000F\000a\000i\000l\000u\000r\000e\000\040\000M\000o\000d\000e\000s\000\040\000a\000n\000d\000\040\000F\000u\000t\000u\000r\000e\000\040\000D\000i\000r\000e\000c\000t\000i\000o\000n\000s}{section.10}% 30
\BOOKMARK [2][-]{subsection.10.3}{\376\377\0001\0000\000.\0003\000\040\000L\000i\000m\000i\000t\000a\000t\000i\000o\000n\000s}{section.10}% 31
\BOOKMARK [1][-]{section.11}{\376\377\0001\0001\000\040\000C\000o\000n\000c\000l\000u\000s\000i\000o\000n}{}% 32
\BOOKMARK [1][-]{section*.16}{\376\377\000R\000e\000f\000e\000r\000e\000n\000c\000e\000s}{}% 33
\BOOKMARK [1][-]{appendix.A}{\376\377\000A\000\040\000W\000e\000i\000g\000h\000t\000e\000d\000\040\000A\000n\000a\000l\000y\000s\000i\000s\000\040\000f\000o\000r\000\040\000M\000o\000d\000e\000l\000\040\000I\000m\000b\000a\000l\000a\000n\000c\000e}{}% 34
\BOOKMARK [1][-]{appendix.B}{\376\377\000B\000\040\000S\000e\000n\000s\000i\000t\000i\000v\000i\000t\000y\000\040\000A\000n\000a\000l\000y\000s\000i\000s}{}% 35
\BOOKMARK [1][-]{appendix.C}{\376\377\000C\000\040\000E\000x\000p\000e\000r\000i\000m\000e\000n\000t\000a\000l\000\040\000D\000e\000t\000a\000i\000l\000s}{}% 36
\BOOKMARK [1][-]{appendix.D}{\376\377\000D\000\040\000C\000a\000u\000s\000a\000l\000\040\000V\000a\000l\000i\000d\000a\000t\000i\000o\000n\000\040\000E\000x\000p\000e\000r\000i\000m\000e\000n\000t\000a\000l\000\040\000D\000e\000t\000a\000i\000l\000s}{}% 37
\BOOKMARK [1][-]{appendix.E}{\376\377\000E\000\040\000A\000D\000D\000\040\000v\000s\000\040\000R\000E\000M\000O\000V\000E\000\040\000I\000n\000t\000e\000r\000v\000e\000n\000t\000i\000o\000n\000\040\000D\000e\000t\000a\000i\000l\000s}{}% 38
\BOOKMARK [1][-]{appendix.F}{\376\377\000F\000\040\000C\000a\000u\000s\000a\000l\000\040\000V\000a\000l\000i\000d\000a\000t\000i\000o\000n\000\040\000G\000e\000n\000e\000r\000a\000l\000i\000z\000a\000t\000i\000o\000n\000\040\000A\000r\000g\000u\000m\000e\000n\000t\000s}{}% 39
\BOOKMARK [1][-]{appendix.G}{\376\377\000G\000\040\000L\000L\000M\000-\000a\000s\000-\000J\000u\000d\000g\000e\000\040\000V\000a\000l\000i\000d\000a\000t\000i\000o\000n\000\040\000D\000e\000t\000a\000i\000l\000s}{}% 40
\BOOKMARK [1][-]{appendix.H}{\376\377\000H\000\040\000P\000a\000i\000r\000w\000i\000s\000e\000\040\000T\000r\000a\000n\000s\000f\000e\000r\000\040\000M\000a\000t\000r\000i\000x}{}% 41
\BOOKMARK [1][-]{appendix.I}{\376\377\000I\000\040\000P\000e\000r\000-\000M\000o\000d\000e\000l\000\040\000S\000H\000A\000P\000\040\000A\000n\000a\000l\000y\000s\000i\000s\000\040\000\050\000F\000u\000l\000l\000\051}{}% 42
\BOOKMARK [1][-]{appendix.J}{\376\377\000J\000\040\000C\000r\000o\000s\000s\000-\000D\000a\000t\000a\000s\000e\000t\000\040\000V\000a\000l\000i\000d\000a\000t\000i\000o\000n\000:\000\040\000S\000h\000a\000r\000e\000G\000P\000T}{}% 43
\BOOKMARK [2][-]{subsection.J.1}{\376\377\000J\000.\0001\000\040\000S\000u\000m\000m\000a\000r\000y\000\040\000C\000o\000m\000p\000a\000r\000i\000s\000o\000n}{appendix.J}% 44
\BOOKMARK [2][-]{subsection.J.2}{\376\377\000J\000.\0002\000\040\000P\000r\000e\000d\000i\000c\000t\000i\000v\000e\000\040\000M\000o\000d\000e\000l\000\040\000C\000o\000m\000p\000a\000r\000i\000s\000o\000n\000\040\000\050\000S\000h\000a\000r\000e\000G\000P\000T\000\051}{appendix.J}% 45
\BOOKMARK [2][-]{subsection.J.3}{\376\377\000J\000.\0003\000\040\000P\000e\000r\000-\000M\000o\000d\000e\000l\000\040\000R\0002\000\040\000\050\000S\000h\000a\000r\000e\000G\000P\000T\000\051}{appendix.J}% 46
\BOOKMARK [2][-]{subsection.J.4}{\376\377\000J\000.\0004\000\040\000F\000e\000a\000t\000u\000r\000e\000\040\000I\000m\000p\000o\000r\000t\000a\000n\000c\000e\000\040\000\050\000S\000h\000a\000r\000e\000G\000P\000T\000\051}{appendix.J}% 47
\BOOKMARK [1][-]{appendix.K}{\376\377\000K\000\040\000T\000e\000m\000p\000e\000r\000a\000t\000u\000r\000e\000\040\000a\000n\000d\000\040\000V\000a\000l\000i\000d\000i\000t\000y\000\040\000A\000n\000a\000l\000y\000s\000i\000s}{}% 48
\BOOKMARK [1][-]{appendix.L}{\376\377\000L\000\040\000C\000o\000n\000f\000o\000u\000n\000d\000i\000n\000g\000\040\000A\000n\000a\000l\000y\000s\000i\000s\000\040\000D\000e\000t\000a\000i\000l\000s}{}% 49
\BOOKMARK [1][-]{appendix.M}{\376\377\000M\000\040\000S\000t\000a\000b\000i\000l\000i\000t\000y\000\040\000S\000c\000o\000r\000e\000\040\000a\000n\000d\000\040\000A\000c\000c\000u\000r\000a\000c\000y\000\040\000T\000a\000b\000l\000e\000s}{}% 50
\BOOKMARK [1][-]{appendix.N}{\376\377\000N\000\040\000V\000I\000F\000\040\000A\000n\000a\000l\000y\000s\000i\000s\000\040\000f\000o\000r\000\040\000S\000c\000h\000e\000m\000a\000\040\000V\000a\000r\000i\000a\000b\000l\000e\000s}{}% 51
\BOOKMARK [1][-]{appendix.O}{\376\377\000O\000\040\000D\000e\000c\000i\000s\000i\000o\000n\000\040\000P\000o\000i\000n\000t\000\040\000H\000y\000p\000o\000t\000h\000e\000s\000i\000s\000\040\000T\000e\000s\000t}{}% 52
\BOOKMARK [1][-]{appendix.P}{\376\377\000P\000\040\000F\000a\000i\000l\000u\000r\000e\000\040\000M\000o\000d\000e\000\040\000T\000a\000x\000o\000n\000o\000m\000y}{}% 53
